../Core/Src/main.c:60:13:LCD_Select	8	static
../Core/Src/main.c:65:13:LCD_Unselect	8	static
../Core/Src/main.c:71:13:LCD_DelayShort	16	static,ignoring_inline_asm
../Core/Src/main.c:79:13:LCD_SPI_WriteByte	24	static
../Core/Src/main.c:102:13:LCD_WriteCommand	16	static
../Core/Src/main.c:110:13:LCD_WriteData	16	static
../Core/Src/main.c:118:13:LCD_WriteData16	24	static
../Core/Src/main.c:131:13:LCD_SetAddressWindow	24	static
../Core/Src/main.c:152:13:LCD_DrawPixel	16	static
../Core/Src/main.c:162:13:LCD_FillScreen	24	static
../Core/Src/main.c:189:23:LCD_GetGlyphBitmap	24	static
../Core/Src/main.c:199:13:LCD_DrawChar	40	static
../Core/Src/main.c:214:13:LCD_DrawCharBig	40	static
../Core/Src/main.c:237:13:LCD_DrawTextBig	48	static
../Core/Src/main.c:250:13:LCD_Init	8	static
../Core/Src/main.c:276:17:Read_ADC_Channel	40	static
../Core/Src/main.c:301:5:main	48	static
../Core/Src/main.c:357:6:SystemClock_Config	88	static
../Core/Src/main.c:394:13:MX_ADC1_Init	24	static
../Core/Src/main.c:426:13:MX_USART1_UART_Init	8	static
../Core/Src/main.c:443:13:MX_GPIO_Init	40	static
../Core/Src/main.c:465:6:Error_Handler	4	static,ignoring_inline_asm
