../Core/Src/main.c:122:16:ParseFrame	40	static
../Core/Src/main.c:193:13:UpdateServos	16	static
../Core/Src/main.c:212:13:SmoothServos	24	static
../Core/Src/main.c:240:5:main	40	static
../Core/Src/main.c:306:6:SystemClock_Config	88	static
../Core/Src/main.c:341:13:MX_TIM3_Init	40	static
../Core/Src/main.c:371:13:MX_TIM4_Init	40	static
../Core/Src/main.c:401:13:MX_USART1_UART_Init	8	static
../Core/Src/main.c:417:13:MX_GPIO_Init	32	static
../Core/Src/main.c:435:6:Error_Handler	4	static,ignoring_inline_asm
